// Jest Snapshot v1, https://goo.gl/fbAQLP

exports[`App Component should calculate equations correctly 1`] = `
<DocumentFragment>
  <div
    class="App"
  >
    <div
      class="calculator"
    >
      <div
        class="input"
      >
        <span
          class="result"
        >
          6 =
        </span>
        Â 
        <span
          class="equation"
          data-testid="equation"
        >
          2*2/4+6-1
        </span>
      </div>
      <div
        class="operators"
      >
        <button
          class=""
          disabled=""
        >
          /
        </button>
        <button
          class=""
          disabled=""
        >
          *
        </button>
        <button
          class=""
          disabled=""
        >
          -
        </button>
        <button
          class=""
          disabled=""
        >
          +
        </button>
        <button
          class=""
          disabled=""
        >
          DEL
        </button>
        <button
          class=""
          disabled=""
        >
          C
        </button>
      </div>
      <div
        class="digits"
      >
        <button
          class=""
          disabled=""
        >
          1
        </button>
        <button
          class=""
          disabled=""
        >
          2
        </button>
        <button
          class=""
          disabled=""
        >
          3
        </button>
        <button
          class=""
          disabled=""
        >
          4
        </button>
        <button
          class=""
          disabled=""
        >
          5
        </button>
        <button
          class=""
          disabled=""
        >
          6
        </button>
        <button
          class=""
          disabled=""
        >
          7
        </button>
        <button
          class=""
          disabled=""
        >
          8
        </button>
        <button
          class=""
          disabled=""
        >
          9
        </button>
        <button
          class=""
          disabled=""
        >
          0
        </button>
        <button
          class=""
          disabled=""
        >
          .
        </button>
        <button
          class="equal"
          disabled=""
        >
          =
        </button>
      </div>
    </div>
  </div>
</DocumentFragment>
`;
